// Jest Snapshot v1, https://goo.gl/fbAQLP

exports[`ProductCard should display the component correctly 1`] = `
<div
  className="productCard undefined"
>
  <img
    alt="Product"
    className="productImg undefined"
    src="./coffee-mug.png"
  />
</div>
`;

exports[`ProductCard the counter should increment 1`] = `
<div
  className="productCard undefined"
>
  <h1>
    Product Card
  </h1>
  <span>
    0
  </span>
  <button
    onClick={[Function]}
  />
</div>
`;
